// Jest Snapshot v1, https://goo.gl/fbAQLP

exports[`Pruebas en <AddCategory /> Debe de mostrarse correctamente  1`] = `
<form
  onSubmit={[Function]}
>
  <input
    onChange={[Function]}
    placeholder="Ingrese la serie busqueda..."
    type="text"
    value=""
  />
</form>
`;
