// Jest Snapshot v1, https://goo.gl/fbAQLP

exports[`Pruebas en <GifGrid /> Debe de hacer match con la snapshot 1`] = `
<Fragment>
  <h3
    className="animate__animated animate__fadeIn"
  >
     
    One Piece
  </h3>
  <p
    className="animate__animated animate__flash"
  >
    Loading...
  </p>
  <div
    className="card-grid"
  />
</Fragment>
`;

exports[`Pruebas en <GifGrid /> Debe de mostrar items cuandi se cargan imagenes UseFetchGrids  1`] = `[Function]`;
